This is pdfTeX, Version 3.141592653-2.6-1.40.27 (TeX Live 2025/nixos.org) (preloaded format=pdflatex 1980.1.1)  31 AUG 2026 12:50
entering extended mode
 restricted \write18 enabled.
 %&-line parsing enabled.
**/home/peti/personal/portfolio/latex/cv.tex
(/home/peti/personal/portfolio/latex/cv.tex
LaTeX2e <2025-11-01>
L3 programming layer <2026-01-19>

(/nix/store/yfsf4wv5zx3cxjvgqk42ayxpd3zhf1sn-texlive-2025-r78234-final-env-texm
fdist/tex/latex/base/article.cls
Document Class: article 2025/01/22 v1.4n Standard LaTeX document class

(/nix/store/yfsf4wv5zx3cxjvgqk42ayxpd3zhf1sn-texlive-2025-r78234-final-env-texm
fdist/tex/latex/base/size11.clo
File: size11.clo 2025/01/22 v1.4n Standard LaTeX file (size option)
)
\c@part=\count275
\c@section=\count276
\c@subsection=\count277
\c@subsubsection=\count278
\c@paragraph=\count279
\c@subparagraph=\count280
\c@figure=\count281
\c@table=\count282
\abovecaptionskip=\skip49
\belowcaptionskip=\skip50
\bibindent=\dimen148
)
(/nix/store/yfsf4wv5zx3cxjvgqk42ayxpd3zhf1sn-texlive-2025-r78234-final-env-texm
fdist/tex/latex/base/latexsym.sty
Package: latexsym 1998/08/17 v2.2e Standard LaTeX package (lasy symbols)
\symlasy=\mathgroup4
LaTeX Font Info:    Overwriting symbol font `lasy' in version `bold'
(Font)                  U/lasy/m/n --> U/lasy/b/n on input line 52.
)
(/nix/store/yfsf4wv5zx3cxjvgqk42ayxpd3zhf1sn-texlive-2025-r78234-final-env-texm
fdist/tex/latex/preprint/fullpage.sty
Package: fullpage 1999/02/23 1.1 (PWD)
\FP@margin=\skip51
)
(/nix/store/yfsf4wv5zx3cxjvgqk42ayxpd3zhf1sn-texlive-2025-r78234-final-env-texm
fdist/tex/latex/titlesec/titlesec.sty
Package: titlesec 2025/01/04 v2.17 Sectioning titles
\ttl@box=\box53
\beforetitleunit=\skip52
\aftertitleunit=\skip53
\ttl@plus=\dimen149
\ttl@minus=\dimen150
\ttl@toksa=\toks17
\titlewidth=\dimen151
\titlewidthlast=\dimen152
\titlewidthfirst=\dimen153
)
(/nix/store/yfsf4wv5zx3cxjvgqk42ayxpd3zhf1sn-texlive-2025-r78234-final-env-texm
fdist/tex/latex/marvosym/marvosym.sty
Package: marvosym 2011/07/20 v2.2 Martin Vogel's Symbols font definitions
)
(/nix/store/yfsf4wv5zx3cxjvgqk42ayxpd3zhf1sn-texlive-2025-r78234-final-env-texm
fdist/tex/latex/graphics/color.sty
Package: color 2025/01/14 v1.3e Standard LaTeX Color (DPC)

(/nix/store/yfsf4wv5zx3cxjvgqk42ayxpd3zhf1sn-texlive-2025-r78234-final-env-texm
fdist/tex/latex/graphics-cfg/color.cfg
File: color.cfg 2016/01/02 v1.6 sample color configuration
)
Package color Info: Driver file: pdftex.def on input line 149.

(/nix/store/yfsf4wv5zx3cxjvgqk42ayxpd3zhf1sn-texlive-2025-r78234-final-env-texm
fdist/tex/latex/graphics-def/pdftex.def
File: pdftex.def 2025/09/29 v1.2d Graphics/color driver for pdftex
)
(/nix/store/yfsf4wv5zx3cxjvgqk42ayxpd3zhf1sn-texlive-2025-r78234-final-env-texm
fdist/tex/latex/graphics/dvipsnam.def
File: dvipsnam.def 2016/06/17 v3.0m Driver-dependent file (DPC,SPQR)
)
(/nix/store/yfsf4wv5zx3cxjvgqk42ayxpd3zhf1sn-texlive-2025-r78234-final-env-texm
fdist/tex/latex/graphics/mathcolor.ltx))
(/nix/store/yfsf4wv5zx3cxjvgqk42ayxpd3zhf1sn-texlive-2025-r78234-final-env-texm
fdist/tex/latex/tools/verbatim.sty
Package: verbatim 2024-01-22 v1.5x LaTeX2e package for verbatim enhancements
\every@verbatim=\toks18
\verbatim@line=\toks19
\verbatim@in@stream=\read2
)
(/nix/store/yfsf4wv5zx3cxjvgqk42ayxpd3zhf1sn-texlive-2025-r78234-final-env-texm
fdist/tex/latex/enumitem/enumitem.sty
Package: enumitem 2025/02/06 v3.11 Customized lists
\enitkv@toks@=\toks20
\labelindent=\skip54
\enit@outerparindent=\dimen154
\enit@toks=\toks21
\enit@inbox=\box54
\enit@count@id=\count283
\enitdp@description=\count284
)
(/nix/store/yfsf4wv5zx3cxjvgqk42ayxpd3zhf1sn-texlive-2025-r78234-final-env-texm
fdist/tex/latex/hyperref/hyperref.sty
Package: hyperref 2026-01-29 v7.01p Hypertext links for LaTeX

(/nix/store/yfsf4wv5zx3cxjvgqk42ayxpd3zhf1sn-texlive-2025-r78234-final-env-texm
fdist/tex/generic/iftex/iftex.sty
Package: iftex 2024/12/12 v1.0g TeX engine tests
)
(/nix/store/yfsf4wv5zx3cxjvgqk42ayxpd3zhf1sn-texlive-2025-r78234-final-env-texm
fdist/tex/latex/graphics/keyval.sty
Package: keyval 2022/05/29 v1.15 key=value parser (DPC)
\KV@toks@=\toks22
)
(/nix/store/yfsf4wv5zx3cxjvgqk42ayxpd3zhf1sn-texlive-2025-r78234-final-env-texm
fdist/tex/latex/kvsetkeys/kvsetkeys.sty
Package: kvsetkeys 2022-10-05 v1.19 Key value parser (HO)
)
(/nix/store/yfsf4wv5zx3cxjvgqk42ayxpd3zhf1sn-texlive-2025-r78234-final-env-texm
fdist/tex/generic/kvdefinekeys/kvdefinekeys.sty
Package: kvdefinekeys 2019-12-19 v1.6 Define keys (HO)
)
(/nix/store/yfsf4wv5zx3cxjvgqk42ayxpd3zhf1sn-texlive-2025-r78234-final-env-texm
fdist/tex/generic/pdfescape/pdfescape.sty
Package: pdfescape 2019/12/09 v1.15 Implements pdfTeX's escape features (HO)

(/nix/store/yfsf4wv5zx3cxjvgqk42ayxpd3zhf1sn-texlive-2025-r78234-final-env-texm
fdist/tex/generic/ltxcmds/ltxcmds.sty
Package: ltxcmds 2023-12-04 v1.26 LaTeX kernel commands for general use (HO)
)
(/nix/store/yfsf4wv5zx3cxjvgqk42ayxpd3zhf1sn-texlive-2025-r78234-final-env-texm
fdist/tex/generic/pdftexcmds/pdftexcmds.sty
Package: pdftexcmds 2020-06-27 v0.33 Utility functions of pdfTeX for LuaTeX (HO
)

(/nix/store/yfsf4wv5zx3cxjvgqk42ayxpd3zhf1sn-texlive-2025-r78234-final-env-texm
fdist/tex/generic/infwarerr/infwarerr.sty
Package: infwarerr 2019/12/03 v1.5 Providing info/warning/error messages (HO)
)
Package pdftexcmds Info: \pdf@primitive is available.
Package pdftexcmds Info: \pdf@ifprimitive is available.
Package pdftexcmds Info: \pdfdraftmode found.
))
(/nix/store/yfsf4wv5zx3cxjvgqk42ayxpd3zhf1sn-texlive-2025-r78234-final-env-texm
fdist/tex/latex/hycolor/hycolor.sty
Package: hycolor 2020-01-27 v1.10 Color options for hyperref/bookmark (HO)
)
(/nix/store/yfsf4wv5zx3cxjvgqk42ayxpd3zhf1sn-texlive-2025-r78234-final-env-texm
fdist/tex/latex/hyperref/nameref.sty
Package: nameref 2026-01-29 v2.58 Cross-referencing by name of section

(/nix/store/yfsf4wv5zx3cxjvgqk42ayxpd3zhf1sn-texlive-2025-r78234-final-env-texm
fdist/tex/latex/refcount/refcount.sty
Package: refcount 2019/12/15 v3.6 Data extraction from label references (HO)
)
(/nix/store/yfsf4wv5zx3cxjvgqk42ayxpd3zhf1sn-texlive-2025-r78234-final-env-texm
fdist/tex/generic/gettitlestring/gettitlestring.sty
Package: gettitlestring 2019/12/15 v1.6 Cleanup title references (HO)

(/nix/store/yfsf4wv5zx3cxjvgqk42ayxpd3zhf1sn-texlive-2025-r78234-final-env-texm
fdist/tex/latex/kvoptions/kvoptions.sty
Package: kvoptions 2022-06-15 v3.15 Key value format for package options (HO)
))
\c@section@level=\count285
)
(/nix/store/yfsf4wv5zx3cxjvgqk42ayxpd3zhf1sn-texlive-2025-r78234-final-env-texm
fdist/tex/latex/etoolbox/etoolbox.sty
Package: etoolbox 2025/10/02 v2.5m e-TeX tools for LaTeX (JAW)
\etb@tempcnta=\count286
)
(/nix/store/yfsf4wv5zx3cxjvgqk42ayxpd3zhf1sn-texlive-2025-r78234-final-env-texm
fdist/tex/generic/stringenc/stringenc.sty
Package: stringenc 2019/11/29 v1.12 Convert strings between diff. encodings (HO
)
)
\@linkdim=\dimen155
\Hy@linkcounter=\count287
\Hy@pagecounter=\count288

(/nix/store/yfsf4wv5zx3cxjvgqk42ayxpd3zhf1sn-texlive-2025-r78234-final-env-texm
fdist/tex/latex/hyperref/pd1enc.def
File: pd1enc.def 2026-01-29 v7.01p Hyperref: PDFDocEncoding definition (HO)
Now handling font encoding PD1 ...
... no UTF-8 mapping file for font encoding PD1
)
(/nix/store/yfsf4wv5zx3cxjvgqk42ayxpd3zhf1sn-texlive-2025-r78234-final-env-texm
fdist/tex/generic/intcalc/intcalc.sty
Package: intcalc 2019/12/15 v1.3 Expandable calculations with integers (HO)
)
\Hy@SavedSpaceFactor=\count289

(/nix/store/yfsf4wv5zx3cxjvgqk42ayxpd3zhf1sn-texlive-2025-r78234-final-env-texm
fdist/tex/latex/hyperref/puenc.def
File: puenc.def 2026-01-29 v7.01p Hyperref: PDF Unicode definition (HO)
Now handling font encoding PU ...
... no UTF-8 mapping file for font encoding PU
)
Package hyperref Info: Hyper figures OFF on input line 4201.
Package hyperref Info: Link nesting OFF on input line 4206.
Package hyperref Info: Hyper index ON on input line 4209.
Package hyperref Info: Plain pages OFF on input line 4216.
Package hyperref Info: Backreferencing OFF on input line 4221.
Package hyperref Info: Implicit mode ON; LaTeX internals redefined.
Package hyperref Info: Bookmarks ON on input line 4468.
\c@Hy@tempcnt=\count290

(/nix/store/yfsf4wv5zx3cxjvgqk42ayxpd3zhf1sn-texlive-2025-r78234-final-env-texm
fdist/tex/latex/url/url.sty
\Urlmuskip=\muskip17
Package: url 2013/09/16  ver 3.4  Verb mode for urls, etc.
)
LaTeX Info: Redefining \url on input line 4807.
\XeTeXLinkMargin=\dimen156

(/nix/store/yfsf4wv5zx3cxjvgqk42ayxpd3zhf1sn-texlive-2025-r78234-final-env-texm
fdist/tex/generic/bitset/bitset.sty
Package: bitset 2019/12/09 v1.3 Handle bit-vector datatype (HO)

(/nix/store/yfsf4wv5zx3cxjvgqk42ayxpd3zhf1sn-texlive-2025-r78234-final-env-texm
fdist/tex/generic/bigintcalc/bigintcalc.sty
Package: bigintcalc 2019/12/15 v1.5 Expandable calculations on big integers (HO
)
))
\Fld@menulength=\count291
\Field@Width=\dimen157
\Fld@charsize=\dimen158
Package hyperref Info: Hyper figures OFF on input line 6084.
Package hyperref Info: Link nesting OFF on input line 6089.
Package hyperref Info: Hyper index ON on input line 6092.
Package hyperref Info: backreferencing OFF on input line 6099.
Package hyperref Info: Link coloring OFF on input line 6104.
Package hyperref Info: Link coloring with OCG OFF on input line 6109.
Package hyperref Info: PDF/A mode OFF on input line 6114.
\Hy@abspage=\count292
\c@Item=\count293
\c@Hfootnote=\count294
)
Package hyperref Info: Driver (autodetected): hpdftex.

(/nix/store/yfsf4wv5zx3cxjvgqk42ayxpd3zhf1sn-texlive-2025-r78234-final-env-texm
fdist/tex/latex/hyperref/hpdftex.def
File: hpdftex.def 2026-01-29 v7.01p Hyperref driver for pdfTeX
\Fld@listcount=\count295
\c@bookmark@seq@number=\count296

(/nix/store/yfsf4wv5zx3cxjvgqk42ayxpd3zhf1sn-texlive-2025-r78234-final-env-texm
fdist/tex/latex/rerunfilecheck/rerunfilecheck.sty
Package: rerunfilecheck 2025-06-21 v1.11 Rerun checks for auxiliary files (HO)

(/nix/store/yfsf4wv5zx3cxjvgqk42ayxpd3zhf1sn-texlive-2025-r78234-final-env-texm
fdist/tex/generic/uniquecounter/uniquecounter.sty
Package: uniquecounter 2019/12/15 v1.4 Provide unlimited unique counter (HO)
)
Package uniquecounter Info: New unique counter `rerunfilecheck' on input line 2
84.
)
\Hy@SectionHShift=\skip55
)
(/nix/store/yfsf4wv5zx3cxjvgqk42ayxpd3zhf1sn-texlive-2025-r78234-final-env-texm
fdist/tex/latex/fancyhdr/fancyhdr.sty
Package: fancyhdr 2025/02/07 v5.2 Extensive control of page headers and footers

\f@nch@headwidth=\skip56
\f@nch@offset@elh=\skip57
\f@nch@offset@erh=\skip58
\f@nch@offset@olh=\skip59
\f@nch@offset@orh=\skip60
\f@nch@offset@elf=\skip61
\f@nch@offset@erf=\skip62
\f@nch@offset@olf=\skip63
\f@nch@offset@orf=\skip64
\f@nch@height=\skip65
\f@nch@footalignment=\skip66
\f@nch@widthL=\skip67
\f@nch@widthC=\skip68
\f@nch@widthR=\skip69
\@temptokenb=\toks23
)
(/nix/store/yfsf4wv5zx3cxjvgqk42ayxpd3zhf1sn-texlive-2025-r78234-final-env-texm
fdist/tex/generic/babel/babel.sty
Package: babel 2026/02/14 v26.3 The multilingual framework for LuaLaTeX, pdfLaT
eX and XeLaTeX
\babel@savecnt=\count297
LaTeX Encoding Info:    Redeclaring text command \ij (encoding OT1) on input li
ne 2078.
LaTeX Encoding Info:    Redeclaring text command \IJ (encoding OT1) on input li
ne 2080.
LaTeX Encoding Info:    Redeclaring text command \ij (encoding T1) on input lin
e 2082.
LaTeX Encoding Info:    Redeclaring text command \IJ (encoding T1) on input lin
e 2083.
LaTeX Encoding Info:    Ignoring declaration for text command \ij (encoding ?) 
on input line 2084.
LaTeX Encoding Info:    Ignoring declaration for text command \IJ (encoding ?) 
on input line 2086.
LaTeX Encoding Info:    Ignoring declaration for text command \SS (encoding ?) 
on input line 2111.
\U@D=\dimen159
\l@unhyphenated=\language23

(/nix/store/yfsf4wv5zx3cxjvgqk42ayxpd3zhf1sn-texlive-2025-r78234-final-env-texm
fdist/tex/generic/babel/txtbabel.def)
\bbl@readstream=\read3
\bbl@dirlevel=\count298

(/nix/store/yfsf4wv5zx3cxjvgqk42ayxpd3zhf1sn-texlive-2025-r78234-final-env-texm
fdist/tex/generic/babel/locale/en/babel-english.tex)
Package babel Info: Importing font and identification data for english
(babel)             from babel-en.ini. Reported on input line 4330.

(/nix/store/yfsf4wv5zx3cxjvgqk42ayxpd3zhf1sn-texlive-2025-r78234-final-env-texm
fdist/tex/generic/babel-english/english.ldf
Language: english 2017/06/06 v3.3r English support from the babel system
Package babel Info: Hyphen rules for 'canadian' set to \l@english
(babel)             (\language0). Reported on input line 102.
Package babel Info: Hyphen rules for 'australian' set to \l@ukenglish
(babel)             (\language7). Reported on input line 105.
Package babel Info: Hyphen rules for 'newzealand' set to \l@ukenglish
(babel)             (\language7). Reported on input line 108.
))
(/nix/store/yfsf4wv5zx3cxjvgqk42ayxpd3zhf1sn-texlive-2025-r78234-final-env-texm
fdist/tex/latex/tools/tabularx.sty
Package: tabularx 2023/12/11 v2.12a `tabularx' package (DPC)

(/nix/store/yfsf4wv5zx3cxjvgqk42ayxpd3zhf1sn-texlive-2025-r78234-final-env-texm
fdist/tex/latex/tools/array.sty
Package: array 2025/09/25 v2.6n Tabular extension package (FMi)
\col@sep=\dimen160
\ar@mcellbox=\box55
\extrarowheight=\dimen161
\NC@list=\toks24
\extratabsurround=\skip70
\backup@length=\skip71
\ar@cellbox=\box56
)
\TX@col@width=\dimen162
\TX@old@table=\dimen163
\TX@old@col=\dimen164
\TX@target=\dimen165
\TX@delta=\dimen166
\TX@cols=\count299
\TX@ftn=\toks25
)
(/nix/store/yfsf4wv5zx3cxjvgqk42ayxpd3zhf1sn-texlive-2025-r78234-final-env-texm
fdist/tex/generic/pdftex/glyphtounicode.tex)
(/nix/store/yfsf4wv5zx3cxjvgqk42ayxpd3zhf1sn-texlive-2025-r78234-final-env-texm
fdist/tex/latex/l3backend/l3backend-pdftex.def
File: l3backend-pdftex.def 2025-10-09 L3 backend support: PDF output (pdfTeX)
\l__color_backend_stack_int=\count300
) (./cv.aux)
\openout1 = `cv.aux'.

LaTeX Font Info:    Checking defaults for OML/cmm/m/it on input line 106.
LaTeX Font Info:    ... okay on input line 106.
LaTeX Font Info:    Checking defaults for OMS/cmsy/m/n on input line 106.
LaTeX Font Info:    ... okay on input line 106.
LaTeX Font Info:    Checking defaults for OT1/cmr/m/n on input line 106.
LaTeX Font Info:    ... okay on input line 106.
LaTeX Font Info:    Checking defaults for T1/cmr/m/n on input line 106.
LaTeX Font Info:    ... okay on input line 106.
LaTeX Font Info:    Checking defaults for TS1/cmr/m/n on input line 106.
LaTeX Font Info:    ... okay on input line 106.
LaTeX Font Info:    Checking defaults for OMX/cmex/m/n on input line 106.
LaTeX Font Info:    ... okay on input line 106.
LaTeX Font Info:    Checking defaults for U/cmr/m/n on input line 106.
LaTeX Font Info:    ... okay on input line 106.
LaTeX Font Info:    Checking defaults for PD1/pdf/m/n on input line 106.
LaTeX Font Info:    ... okay on input line 106.
LaTeX Font Info:    Checking defaults for PU/pdf/m/n on input line 106.
LaTeX Font Info:    ... okay on input line 106.

(/nix/store/yfsf4wv5zx3cxjvgqk42ayxpd3zhf1sn-texlive-2025-r78234-final-env-texm
fdist/tex/context/base/mkii/supp-pdf.mkii
[Loading MPS to PDF converter (version 2006.09.02).]
\scratchcounter=\count301
\scratchdimen=\dimen167
\scratchbox=\box57
\nofMPsegments=\count302
\nofMParguments=\count303
\everyMPshowfont=\toks26
\MPscratchCnt=\count304
\MPscratchDim=\dimen168
\MPnumerator=\count305
\makeMPintoPDFobject=\count306
\everyMPtoPDFconversion=\toks27
)
Package hyperref Info: Link coloring OFF on input line 106.
 (./cv.out) (./cv.out)
\@outlinefile=\write3
\openout3 = `cv.out'.



LaTeX Font Warning: Font shape `OT1/cmr/bx/sc' undefined
(Font)              using `OT1/cmr/bx/n' instead on input line 115.

LaTeX Font Info:    External font `cmex10' loaded for size
(Font)              <7> on input line 116.
LaTeX Font Info:    External font `cmex10' loaded for size
(Font)              <5> on input line 116.
LaTeX Font Info:    Trying to load font information for U+lasy on input line 11
6.

(/nix/store/yfsf4wv5zx3cxjvgqk42ayxpd3zhf1sn-texlive-2025-r78234-final-env-texm
fdist/tex/latex/base/ulasy.fd
File: ulasy.fd 1998/08/17 v2.2e LaTeX symbol font definitions
)
LaTeX Font Info:    External font `cmex10' loaded for size
(Font)              <10.95> on input line 128.
LaTeX Font Info:    External font `cmex10' loaded for size
(Font)              <8> on input line 128.
LaTeX Font Info:    External font `cmex10' loaded for size
(Font)              <6> on input line 128.


Package fancyhdr Warning: \footskip is too small (0.0pt): 
(fancyhdr)                Make it at least 4.08003pt, for example:
(fancyhdr)                \setlength{\footskip}{4.08003pt}.

[1

{/nix/store/fxdg6gk7sczlmf0ykc3g3wmwkh4ihdf1-texlive-2025-r78234-final-env/shar
e/texmf-var/fonts/map/pdftex/updmap/pdftex.map}] (./cv.aux)
 ***********
LaTeX2e <2025-11-01>
L3 programming layer <2026-01-19>
 ***********


LaTeX Font Warning: Some font shapes were not available, defaults substituted.

Package rerunfilecheck Info: File `cv.out' has not changed.
(rerunfilecheck)             Checksum: 8178769A591DAE54593BE5DC5893BD68;390.
 ) 
Here is how much of TeX's memory you used:
 10877 strings out of 469007
 177998 string characters out of 5443506
 618483 words of memory out of 5000000
 39453 multiletter control sequences out of 15000+600000
 633313 words of font info for 62 fonts, out of 8000000 for 9000
 319 hyphenation exceptions out of 8191
 75i,11n,79p,285b,464s stack positions out of 10000i,1000n,20000p,200000b,200000s
</nix/store/yfsf4wv5zx3cxjvgqk42ayxpd3zhf1sn-texlive-2025-r78234-final-env-te
xmfdist/fonts/type1/public/amsfonts/cm/cmbx10.pfb></nix/store/yfsf4wv5zx3cxjvgq
k42ayxpd3zhf1sn-texlive-2025-r78234-final-env-texmfdist/fonts/type1/public/amsf
onts/cm/cmbx12.pfb></nix/store/yfsf4wv5zx3cxjvgqk42ayxpd3zhf1sn-texlive-2025-r7
8234-final-env-texmfdist/fonts/type1/public/amsfonts/cm/cmcsc10.pfb></nix/store
/yfsf4wv5zx3cxjvgqk42ayxpd3zhf1sn-texlive-2025-r78234-final-env-texmfdist/fonts
/type1/public/amsfonts/cm/cmr10.pfb></nix/store/yfsf4wv5zx3cxjvgqk42ayxpd3zhf1s
n-texlive-2025-r78234-final-env-texmfdist/fonts/type1/public/amsfonts/cm/cmsy10
.pfb></nix/store/yfsf4wv5zx3cxjvgqk42ayxpd3zhf1sn-texlive-2025-r78234-final-env
-texmfdist/fonts/type1/public/amsfonts/cm/cmti10.pfb>
Output written on cv.pdf (1 page, 92873 bytes).
PDF statistics:
 63 PDF objects out of 1000 (max. 8388607)
 47 compressed objects within 1 object stream
 6 named destinations out of 1000 (max. 500000)
 33 words of extra memory for PDF output out of 10000 (max. 10000000)

